[I 2026-10-05 16:08:52.837 ServerApp] jupyter_lsp | extension was successfully linked.
[I 2026-10-05 16:08:52.839 ServerApp] jupyter_server_terminals | extension was successfully linked.
[I 2026-10-05 16:08:52.842 ServerApp] jupyterlab | extension was successfully linked.
[I 2026-10-05 16:08:52.844 ServerApp] notebook | extension was successfully linked.
[I 2026-10-05 16:08:52.938 ServerApp] notebook_shim | extension was successfully linked.
[I 2026-10-05 16:08:52.959 ServerApp] notebook_shim | extension was successfully loaded.
[I 2026-10-05 16:08:52.960 ServerApp] jupyter_lsp | extension was successfully loaded.
[I 2026-10-05 16:08:52.961 ServerApp] jupyter_server_terminals | extension was successfully loaded.
[I 2026-10-05 16:08:52.965 LabApp] JupyterLab extension loaded from /home/welepy/Documents/overpaid-or-bargain/.venv/lib/python3.14/site-packages/jupyterlab
[I 2026-10-05 16:08:52.965 LabApp] JupyterLab application directory is /home/welepy/Documents/overpaid-or-bargain/.venv/share/jupyter/lab
[I 2026-10-05 16:08:52.966 LabApp] Extension Manager is 'pypi'.
[I 2026-10-05 16:08:53.194 ServerApp] jupyterlab | extension was successfully loaded.
[I 2026-10-05 16:08:53.196 ServerApp] notebook | extension was successfully loaded.
[I 2026-10-05 16:08:53.196 ServerApp] Serving notebooks from local directory: /home/welepy/Documents/overpaid-or-bargain
[I 2026-10-05 16:08:53.196 ServerApp] Jupyter Server 2.21.1 is running at:
[I 2026-10-05 16:08:53.196 ServerApp] http://localhost:8888/tree?token=63f52777ffe201372f2c46b5cfcee678590854f886d3b1c8
[I 2026-10-05 16:08:53.196 ServerApp]     http://127.0.0.1:8888/tree?token=63f52777ffe201372f2c46b5cfcee678590854f886d3b1c8
[I 2026-10-05 16:08:53.196 ServerApp] Use Control-C to stop this server and shut down all kernels (twice to skip confirmation).
[C 2026-10-05 16:08:53.503 ServerApp] 
    
    To access the server, open this file in a browser:
        file:/home/welepy/.local/share/jupyter/runtime/jpserver-2551-open.html
    Or copy and paste one of these URLs:
        http://localhost:8888/tree?token=63f52777ffe201372f2c46b5cfcee678590854f886d3b1c8
        http://127.0.0.1:8888/tree?token=63f52777ffe201372f2c46b5cfcee678590854f886d3b1c8
/usr/sbin/xdg-open: line 1045: x-www-browser: command not found
[I 2026-10-05 16:08:53.900 ServerApp] Skipped non-installed server(s): basedpyright, bash-language-server, dockerfile-language-server-nodejs, javascript-typescript-langserver, jedi-language-server, julia-language-server, pyrefly, pyright, python-language-server, python-lsp-server, r-languageserver, sql-language-server, texlab, typescript-language-server, unified-language-server, vscode-css-languageserver-bin, vscode-html-languageserver-bin, vscode-json-languageserver-bin, yaml-language-server
[I 2026-10-05 16:09:43.719 ServerApp] 302 GET / (@127.0.0.1) 2.30ms
[I 2026-10-05 16:12:53.648 ServerApp] Kernel started: 1e5fe746-4723-48e9-b9ad-77b2303b2b61
[IPKernelApp] WARNING | Kernel is running over TCP without encryption. All communication (including code and outputs) is sent in plain text and is susceptible to eavesdropping. Use IPC transport or launch with kernel manager-provisioned CurveZMQ keys to enable transport encryption.
[I 2026-10-05 16:12:54.080 ServerApp] Adapting from protocol version 5.3 (kernel 1e5fe746-4723-48e9-b9ad-77b2303b2b61) to 5.4 (client).
[I 2026-10-05 16:12:54.081 ServerApp] Connecting to kernel 1e5fe746-4723-48e9-b9ad-77b2303b2b61.
[W 2026-10-05 16:12:54.082 ServerApp] The websocket_ping_timeout (90000) cannot be longer than the websocket_ping_interval (30000).
    Setting websocket_ping_timeout=30000
[I 2026-10-05 16:12:54.083 ServerApp] Adapting from protocol version 5.3 (kernel 1e5fe746-4723-48e9-b9ad-77b2303b2b61) to 5.4 (client).
[I 2026-10-05 16:12:54.084 ServerApp] Connecting to kernel 1e5fe746-4723-48e9-b9ad-77b2303b2b61.
[I 2026-10-05 16:12:54.086 ServerApp] Adapting from protocol version 5.3 (kernel 1e5fe746-4723-48e9-b9ad-77b2303b2b61) to 5.4 (client).
[I 2026-10-05 16:12:54.087 ServerApp] Connecting to kernel 1e5fe746-4723-48e9-b9ad-77b2303b2b61.
[I 2026-10-05 16:12:55.756 ServerApp] Adapting from protocol version 5.3 (kernel 1e5fe746-4723-48e9-b9ad-77b2303b2b61) to 5.4 (client).
[I 2026-10-05 16:12:55.756 ServerApp] Connecting to kernel 1e5fe746-4723-48e9-b9ad-77b2303b2b61.
[I 2026-10-05 16:14:53.558 ServerApp] Saving file at /data/notebooks/EDA.ipynb
[I 2026-10-05 16:16:53.674 ServerApp] Saving file at /data/notebooks/EDA.ipynb
[I 2026-10-05 16:17:32.570 ServerApp] Adapting from protocol version 5.3 (kernel 1e5fe746-4723-48e9-b9ad-77b2303b2b61) to 5.4 (client).
[I 2026-10-05 16:17:32.573 ServerApp] Connecting to kernel 1e5fe746-4723-48e9-b9ad-77b2303b2b61.
[I 2026-10-05 16:34:56.665 ServerApp] Saving file at /data/notebooks/EDA.ipynb
[I 2026-10-05 16:35:27.527 ServerApp] Starting buffering for 1e5fe746-4723-48e9-b9ad-77b2303b2b61:0c0e4efe-448e-4fff-ba81-21b05f868530
[I 2026-10-05 16:35:28.105 ServerApp] Adapting from protocol version 5.3 (kernel 1e5fe746-4723-48e9-b9ad-77b2303b2b61) to 5.4 (client).
[I 2026-10-05 16:35:28.105 ServerApp] Connecting to kernel 1e5fe746-4723-48e9-b9ad-77b2303b2b61.
[I 2026-10-05 16:35:28.412 ServerApp] Starting buffering for 1e5fe746-4723-48e9-b9ad-77b2303b2b61:ae1d5086-0a18-4256-bb83-9891dfbb26b2
[I 2026-10-05 16:35:28.624 ServerApp] Adapting from protocol version 5.3 (kernel 1e5fe746-4723-48e9-b9ad-77b2303b2b61) to 5.4 (client).
[I 2026-10-05 16:35:28.625 ServerApp] Connecting to kernel 1e5fe746-4723-48e9-b9ad-77b2303b2b61.
[I 2026-10-05 16:45:29.871 ServerApp] Saving file at /data/notebooks/EDA.ipynb
[I 2026-10-05 16:47:30.785 ServerApp] Saving file at /data/notebooks/EDA.ipynb
[I 2026-10-05 16:49:31.402 ServerApp] Saving file at /data/notebooks/EDA.ipynb
[I 2026-10-05 16:53:31.480 ServerApp] Saving file at /data/notebooks/EDA.ipynb
[I 2026-10-05 16:55:31.557 ServerApp] Saving file at /data/notebooks/EDA.ipynb
